// Jest Snapshot v1, https://goo.gl/fbAQLP

exports[`TodoList component snapshot test 1`] = `
<DocumentFragment>
  <form>
    <label
      for="text"
    >
      Text
      <input
        data-testid="text-input"
        name="text"
        value=""
      />
    </label>
    <button>
      Add Task
    </button>
  </form>
  <ul />
</DocumentFragment>
`;
